.next/dev/types/validator.ts(215,39): error TS2307: Cannot find module '../../../app/muebles-melamine/page.js' or its corresponding type declarations.
